// Jest Snapshot v1, https://goo.gl/fbAQLP

exports[`expect to render cart item component 1`] = `
<div
  className="cart-item"
>
  <img
    alt="item"
  />
  <div
    className="item-details"
  >
    <span
      className="name"
    />
    <span
      className="price"
    >
       x $
    </span>
  </div>
</div>
`;
