// Jest Snapshot v1, https://goo.gl/fbAQLP

exports[`expect to render home page 1`] = `
<styled.div>
  <h3>
    Welcome to my Homepage
  </h3>
  <Connect(Directory) />
</styled.div>
`;
